---
version: 1
interactions:
- request:
    body: '{"ClientRequestToken":"5fb90bad-b37c-4821-b6d9-5526a41a9504","TransactItems":[{"Put":{"Item":{"DocstoreRevision":{"S":"95af5a25-3679-41ba-a2ff-6cd471c483f1"},"_id":{"S":"testPut1"},"_kind":{"S":"put"},"b":{"BOOL":true}},"TableName":"docstore-test"}}]}'
    form: {}
    headers:
      Accept-Encoding:
      - identity
      Content-Length:
      - "251"
      Content-Type:
      - application/x-amz-json-1.0
      User-Agent:
      - aws-sdk-go/1.16.23 (go1.12.4; darwin; amd64)
      X-Amz-Date:
      - 20190419T015659Z
      X-Amz-Target:
      - DynamoDB_20120810.TransactWriteItems
    url: https://dynamodb.us-east-2.amazonaws.com/
    method: POST
  response:
    body: '{}'
    headers:
      Connection:
      - keep-alive
      Content-Length:
      - "2"
      Content-Type:
      - application/x-amz-json-1.0
      Date:
      - Fri, 19 Apr 2019 01:56:59 GMT
      Server:
      - Server
      X-Amz-Crc32:
      - "2745614147"
      X-Amzn-Requestid:
      - CQU64GHTBKLDMR5O3HO63OGLERVV4KQNSO5AEMVJF66Q9ASUAAJG
    status: 200 OK
    code: 200
    duration: ""
- request:
    body: '{"TransactItems":[{"Get":{"Key":{"_id":{"S":"testPut1"},"_kind":{"S":"put"}},"TableName":"docstore-test"}}]}'
    form: {}
    headers:
      Accept-Encoding:
      - identity
      Content-Length:
      - "108"
      Content-Type:
      - application/x-amz-json-1.0
      User-Agent:
      - aws-sdk-go/1.16.23 (go1.12.4; darwin; amd64)
      X-Amz-Date:
      - 20190419T015659Z
      X-Amz-Target:
      - DynamoDB_20120810.TransactGetItems
    url: https://dynamodb.us-east-2.amazonaws.com/
    method: POST
  response:
    body: '{"Responses":[{"Item":{"_id":{"S":"testPut1"},"b":{"BOOL":true},"_kind":{"S":"put"},"DocstoreRevision":{"S":"95af5a25-3679-41ba-a2ff-6cd471c483f1"}}}]}'
    headers:
      Connection:
      - keep-alive
      Content-Length:
      - "151"
      Content-Type:
      - application/x-amz-json-1.0
      Date:
      - Fri, 19 Apr 2019 01:56:59 GMT
      Server:
      - Server
      X-Amz-Crc32:
      - "1215852149"
      X-Amzn-Requestid:
      - DUI70H2CS1D5JUKJ90O0LF3GT7VV4KQNSO5AEMVJF66Q9ASUAAJG
    status: 200 OK
    code: 200
    duration: ""
- request:
    body: '{"ClientRequestToken":"6325253f-ec73-4dd7-a9e2-8bf921119c16","TransactItems":[{"Put":{"ConditionExpression":"#0
      = :0","ExpressionAttributeNames":{"#0":"DocstoreRevision"},"ExpressionAttributeValues":{":0":{"S":"95af5a25-3679-41ba-a2ff-6cd471c483f1"}},"Item":{"DocstoreRevision":{"S":"680b4e7c-8b76-4a1b-9d49-d4955c848621"},"_id":{"S":"testPut1"},"_kind":{"S":"put"},"b":{"BOOL":false}},"TableName":"docstore-test"}}]}'
    form: {}
    headers:
      Accept-Encoding:
      - identity
      Content-Length:
      - "417"
      Content-Type:
      - application/x-amz-json-1.0
      User-Agent:
      - aws-sdk-go/1.16.23 (go1.12.4; darwin; amd64)
      X-Amz-Date:
      - 20190419T015659Z
      X-Amz-Target:
      - DynamoDB_20120810.TransactWriteItems
    url: https://dynamodb.us-east-2.amazonaws.com/
    method: POST
  response:
    body: '{}'
    headers:
      Connection:
      - keep-alive
      Content-Length:
      - "2"
      Content-Type:
      - application/x-amz-json-1.0
      Date:
      - Fri, 19 Apr 2019 01:56:59 GMT
      Server:
      - Server
      X-Amz-Crc32:
      - "2745614147"
      X-Amzn-Requestid:
      - TLSHIRFOUT10P71KJNNS067KAJVV4KQNSO5AEMVJF66Q9ASUAAJG
    status: 200 OK
    code: 200
    duration: ""
- request:
    body: '{"TransactItems":[{"Get":{"Key":{"_id":{"S":"testPut1"},"_kind":{"S":"put"}},"TableName":"docstore-test"}}]}'
    form: {}
    headers:
      Accept-Encoding:
      - identity
      Content-Length:
      - "108"
      Content-Type:
      - application/x-amz-json-1.0
      User-Agent:
      - aws-sdk-go/1.16.23 (go1.12.4; darwin; amd64)
      X-Amz-Date:
      - 20190419T015659Z
      X-Amz-Target:
      - DynamoDB_20120810.TransactGetItems
    url: https://dynamodb.us-east-2.amazonaws.com/
    method: POST
  response:
    body: '{"Responses":[{"Item":{"_id":{"S":"testPut1"},"b":{"BOOL":false},"_kind":{"S":"put"},"DocstoreRevision":{"S":"680b4e7c-8b76-4a1b-9d49-d4955c848621"}}}]}'
    headers:
      Connection:
      - keep-alive
      Content-Length:
      - "152"
      Content-Type:
      - application/x-amz-json-1.0
      Date:
      - Fri, 19 Apr 2019 01:56:59 GMT
      Server:
      - Server
      X-Amz-Crc32:
      - "2710125929"
      X-Amzn-Requestid:
      - OB9USC0R6JG21PEHF9DMC0NJARVV4KQNSO5AEMVJF66Q9ASUAAJG
    status: 200 OK
    code: 200
    duration: ""
- request:
    body: '{"ClientRequestToken":"0bf50598-7592-4e66-8a5b-df2c7fc48445","TransactItems":[{"Put":{"Item":{"DocstoreRevision":{"S":"0f070244-8615-4bda-8831-3f6a8eb668d2"},"_id":{"S":"testRevisionField"},"_kind":{"S":"revisionField"},"s":{"S":"a"}},"TableName":"docstore-test"}}]}'
    form: {}
    headers:
      Accept-Encoding:
      - identity
      Content-Length:
      - "266"
      Content-Type:
      - application/x-amz-json-1.0
      User-Agent:
      - aws-sdk-go/1.16.23 (go1.12.4; darwin; amd64)
      X-Amz-Date:
      - 20190419T015659Z
      X-Amz-Target:
      - DynamoDB_20120810.TransactWriteItems
    url: https://dynamodb.us-east-2.amazonaws.com/
    method: POST
  response:
    body: '{}'
    headers:
      Connection:
      - keep-alive
      Content-Length:
      - "2"
      Content-Type:
      - application/x-amz-json-1.0
      Date:
      - Fri, 19 Apr 2019 01:56:59 GMT
      Server:
      - Server
      X-Amz-Crc32:
      - "2745614147"
      X-Amzn-Requestid:
      - RRV20OR1AIG081171CNQOQPTEJVV4KQNSO5AEMVJF66Q9ASUAAJG
    status: 200 OK
    code: 200
    duration: ""
- request:
    body: '{"TransactItems":[{"Get":{"Key":{"_id":{"S":"testRevisionField"},"_kind":{"S":"revisionField"}},"TableName":"docstore-test"}}]}'
    form: {}
    headers:
      Accept-Encoding:
      - identity
      Content-Length:
      - "127"
      Content-Type:
      - application/x-amz-json-1.0
      User-Agent:
      - aws-sdk-go/1.16.23 (go1.12.4; darwin; amd64)
      X-Amz-Date:
      - 20190419T015659Z
      X-Amz-Target:
      - DynamoDB_20120810.TransactGetItems
    url: https://dynamodb.us-east-2.amazonaws.com/
    method: POST
  response:
    body: '{"Responses":[{"Item":{"_id":{"S":"testRevisionField"},"s":{"S":"a"},"_kind":{"S":"revisionField"},"DocstoreRevision":{"S":"0f070244-8615-4bda-8831-3f6a8eb668d2"}}}]}'
    headers:
      Connection:
      - keep-alive
      Content-Length:
      - "166"
      Content-Type:
      - application/x-amz-json-1.0
      Date:
      - Fri, 19 Apr 2019 01:56:59 GMT
      Server:
      - Server
      X-Amz-Crc32:
      - "2566282505"
      X-Amzn-Requestid:
      - IVOQDUKELPPF0TTD6FT1IN78S3VV4KQNSO5AEMVJF66Q9ASUAAJG
    status: 200 OK
    code: 200
    duration: ""
- request:
    body: '{"ClientRequestToken":"6bf84c71-74cb-4476-b64c-c3dbd968b0f7","TransactItems":[{"Put":{"ConditionExpression":"#0
      = :0","ExpressionAttributeNames":{"#0":"DocstoreRevision"},"ExpressionAttributeValues":{":0":{"S":"0f070244-8615-4bda-8831-3f6a8eb668d2"}},"Item":{"DocstoreRevision":{"S":"92d2572b-cd06-48d2-96c5-2f5054e2d083"},"_id":{"S":"testRevisionField"},"_kind":{"S":"revisionField"},"s":{"S":"b"}},"TableName":"docstore-test"}}]}'
    form: {}
    headers:
      Accept-Encoding:
      - identity
      Content-Length:
      - "431"
      Content-Type:
      - application/x-amz-json-1.0
      User-Agent:
      - aws-sdk-go/1.16.23 (go1.12.4; darwin; amd64)
      X-Amz-Date:
      - 20190419T015659Z
      X-Amz-Target:
      - DynamoDB_20120810.TransactWriteItems
    url: https://dynamodb.us-east-2.amazonaws.com/
    method: POST
  response:
    body: '{}'
    headers:
      Connection:
      - keep-alive
      Content-Length:
      - "2"
      Content-Type:
      - application/x-amz-json-1.0
      Date:
      - Fri, 19 Apr 2019 01:56:59 GMT
      Server:
      - Server
      X-Amz-Crc32:
      - "2745614147"
      X-Amzn-Requestid:
      - U1I8UE05K88K0NAO7A4QELGF17VV4KQNSO5AEMVJF66Q9ASUAAJG
    status: 200 OK
    code: 200
    duration: ""
- request:
    body: '{"ClientRequestToken":"ff094279-db19-44eb-97a1-9d0f7bbacbe0","TransactItems":[{"Put":{"ConditionExpression":"#0
      = :0","ExpressionAttributeNames":{"#0":"DocstoreRevision"},"ExpressionAttributeValues":{":0":{"S":"0f070244-8615-4bda-8831-3f6a8eb668d2"}},"Item":{"DocstoreRevision":{"S":"172ed857-94bb-458b-8c3b-525da1786f9f"},"_id":{"S":"testRevisionField"},"_kind":{"S":"revisionField"},"s":{"S":"b"}},"TableName":"docstore-test"}}]}'
    form: {}
    headers:
      Accept-Encoding:
      - identity
      Content-Length:
      - "431"
      Content-Type:
      - application/x-amz-json-1.0
      User-Agent:
      - aws-sdk-go/1.16.23 (go1.12.4; darwin; amd64)
      X-Amz-Date:
      - 20190419T015700Z
      X-Amz-Target:
      - DynamoDB_20120810.TransactWriteItems
    url: https://dynamodb.us-east-2.amazonaws.com/
    method: POST
  response:
    body: '{"__type":"com.amazonaws.dynamodb.v20120810#TransactionCanceledException","CancellationReasons":[{"Code":"ConditionalCheckFailed","Message":"The
      conditional request failed"}],"Message":"Transaction cancelled, please refer
      cancellation reasons for specific reasons [ConditionalCheckFailed]"}'
    headers:
      Connection:
      - keep-alive
      Content-Length:
      - "290"
      Content-Type:
      - application/x-amz-json-1.0
      Date:
      - Fri, 19 Apr 2019 01:56:59 GMT
      Server:
      - Server
      X-Amz-Crc32:
      - "3141789222"
      X-Amzn-Requestid:
      - TLK7RG2E7HUQU5M643JUDC0F6RVV4KQNSO5AEMVJF66Q9ASUAAJG
    status: 400 Bad Request
    code: 400
    duration: ""
